Running randomized tests: pool size == 10000, fill ratio == 0.250000, block size is from 1 to 1000, 10000 iterations
	=== worst ===
	Test took 0.07ms.
	Average hole size: 0.000000
	Average largest free block: 0.000000
	Average allocated bytes: 0.000000
	Average number of small blocks: 0.000000
	Failed allocations: 0
Running randomized tests: pool size == 10000, fill ratio == 0.250000, block size is from 1 to 2000, 10000 iterations
	=== worst ===
	Test took 0.08ms.
	Average hole size: 0.000000
	Average largest free block: 0.000000
	Average allocated bytes: 0.000000
	Average number of small blocks: 0.000000
	Failed allocations: 0
Running randomized tests: pool size == 10000, fill ratio == 0.250000, block size is from 1000 to 2000, 10000 iterations
	=== worst ===
	Test took 0.11ms.
	Average hole size: 0.000000
	Average largest free block: 0.000000
	Average allocated bytes: 0.000000
	Average number of small blocks: 0.000000
	Failed allocations: 0
Running randomized tests: pool size == 10000, fill ratio == 0.250000, block size is from 1 to 3000, 10000 iterations
	=== worst ===
	Test took 0.12ms.
	Average hole size: 0.000000
	Average largest free block: 0.000000
	Average allocated bytes: 0.000000
	Average number of small blocks: 0.000000
	Failed allocations: 0
Running randomized tests: pool size == 10000, fill ratio == 0.250000, block size is from 1 to 4000, 10000 iterations
	=== worst ===
	Test took 0.12ms.
	Average hole size: 0.000000
	Average largest free block: 0.000000
	Average allocated bytes: 0.000000
	Average number of small blocks: 0.000000
	Failed allocations: 0
Running randomized tests: pool size == 10000, fill ratio == 0.250000, block size is from 1 to 5000, 10000 iterations
	=== worst ===
	Test took 0.11ms.
	Average hole size: 0.000000
	Average largest free block: 0.000000
	Average allocated bytes: 0.000000
	Average number of small blocks: 0.000000
	Failed allocations: 0
Running randomized tests: pool size == 10000, fill ratio == 0.500000, block size is from 1 to 1000, 10000 iterations
	=== worst ===
	Test took 0.11ms.
	Average hole size: 0.000000
	Average largest free block: 0.000000
	Average allocated bytes: 0.000000
	Average number of small blocks: 0.000000
	Failed allocations: 0
Running randomized tests: pool size == 10000, fill ratio == 0.500000, block size is from 1 to 2000, 10000 iterations
	=== worst ===
	Test took 0.11ms.
	Average hole size: 0.000000
	Average largest free block: 0.000000
	Average allocated bytes: 0.000000
	Average number of small blocks: 0.000000
	Failed allocations: 0
Running randomized tests: pool size == 10000, fill ratio == 0.500000, block size is from 1000 to 2000, 10000 iterations
	=== worst ===
	Test took 0.10ms.
	Average hole size: 0.000000
	Average largest free block: 0.000000
	Average allocated bytes: 0.000000
	Average number of small blocks: 0.000000
	Failed allocations: 0
Running randomized tests: pool size == 10000, fill ratio == 0.500000, block size is from 1 to 3000, 10000 iterations
	=== worst ===
	Test took 0.09ms.
	Average hole size: 0.000000
	Average largest free block: 0.000000
	Average allocated bytes: 0.000000
	Average number of small blocks: 0.000000
	Failed allocations: 0
Running randomized tests: pool size == 10000, fill ratio == 0.500000, block size is from 1 to 4000, 10000 iterations
	=== worst ===
	Test took 0.06ms.
	Average hole size: 0.000000
	Average largest free block: 0.000000
	Average allocated bytes: 0.000000
	Average number of small blocks: 0.000000
	Failed allocations: 0
Running randomized tests: pool size == 10000, fill ratio == 0.500000, block size is from 1 to 5000, 10000 iterations
	=== worst ===
	Test took 0.06ms.
	Average hole size: 0.000000
	Average largest free block: 0.000000
	Average allocated bytes: 0.000000
	Average number of small blocks: 0.000000
	Failed allocations: 0
Running randomized tests: pool size == 10000, fill ratio == 0.500000, block size is from 1000 to 1000, 10000 iterations
	=== worst ===
	Test took 0.06ms.
	Average hole size: 0.000000
	Average largest free block: 0.000000
	Average allocated bytes: 0.000000
	Average number of small blocks: 0.000000
	Failed allocations: 0
Running randomized tests: pool size == 10000, fill ratio == 0.750000, block size is from 1 to 1000, 10000 iterations
	=== worst ===
	Test took 0.07ms.
	Average hole size: 0.000000
	Average largest free block: 0.000000
	Average allocated bytes: 0.000000
	Average number of small blocks: 0.000000
	Failed allocations: 0
Running randomized tests: pool size == 10000, fill ratio == 0.750000, block size is from 500 to 1000, 10000 iterations
	=== worst ===
	Test took 0.06ms.
	Average hole size: 0.000000
	Average largest free block: 0.000000
	Average allocated bytes: 0.000000
	Average number of small blocks: 0.000000
	Failed allocations: 0
Running randomized tests: pool size == 10000, fill ratio == 0.750000, block size is from 1 to 2000, 10000 iterations
	=== worst ===
	Test took 0.06ms.
	Average hole size: 0.000000
	Average largest free block: 0.000000
	Average allocated bytes: 0.000000
	Average number of small blocks: 0.000000
	Failed allocations: 0
Running randomized tests: pool size == 10000, fill ratio == 0.900000, block size is from 1 to 500, 10000 iterations
	=== worst ===
	Test took 0.06ms.
	Average hole size: 0.000000
	Average largest free block: 0.000000
	Average allocated bytes: 0.000000
	Average number of small blocks: 0.000000
	Failed allocations: 0
